Archive member included to satisfy reference by file (symbol)

/usr/lib/arm-none-eabi/newlib/libc_nano.a(libc_a-memset.o)
                              sched.o (memset)
/usr/lib/arm-none-eabi/newlib/libc_nano.a(libc_a-memcpy-stub.o)
                              sched.o (memcpy)

There are no discarded input sections

Memory Configuration

Name             Origin             Length             Attributes
*default*        0x00000000         0xffffffff

Linker script and memory map


.boot           0x00008000       0xdc
 *(.boot)
 .boot          0x00008000       0xdc boot.o
                0x00008000                start
                0x000080e0                        . = ALIGN (0x8)

.text           0x000080e0     0x1474
 *(.text)
 .text          0x000080e0        0x0 boot.o
 .text          0x000080e0       0xc4 switch.o
                0x000080e0                delay
                0x000080ec                enable_irq
                0x00008114                panic
                0x0000811c                swi
                0x00008150                irq
                0x00008180                task_switch
 .text          0x000081a4      0x7f4 sched.o
                0x000081a4                yield
                0x000081b8                getpid
                0x000081d0                getticks
                0x000081e8                pcs_exit
                0x000081fc                sleep
                0x00008214                find_next_head
                0x00008330                terminate_current_task
                0x0000835c                schedule
                0x00008430                trata_swi
                0x00008514                trata_irq
                0x00008588                sched_init
                0x000087a8                insert_tcb
 .text          0x00008998      0x224 main.o
                0x00008998                system_main
                0x00008aec                user1_main
                0x00008b00                user2_main
                0x00008b44                user3_main
 .text          0x00008bbc      0x630 teclado.o
                0x00008bbc                setup_io
                0x00008cd8                read_io
                0x00008d7c                write_io
                0x00008e38                init_keyboard
                0x00008f40                keyboard_position_conversion
                0x00009008                read_keyboard
 .text          0x000091ec      0x158 uart.o
                0x000091ec                uart_init
                0x00009264                uart_send
                0x000092b4                uart_get
                0x000092f8                uart_puts
 .text          0x00009344       0xfc /usr/lib/arm-none-eabi/newlib/libc_nano.a(libc_a-memset.o)
                0x00009344                memset
 .text          0x00009440      0x114 /usr/lib/arm-none-eabi/newlib/libc_nano.a(libc_a-memcpy-stub.o)
                0x00009440                memcpy

.glue_7         0x00009554        0x0
 .glue_7        0x00009554        0x0 linker stubs

.glue_7t        0x00009554        0x0
 .glue_7t       0x00009554        0x0 linker stubs

.vfp11_veneer   0x00009554        0x0
 .vfp11_veneer  0x00009554        0x0 linker stubs

.v4_bx          0x00009554        0x0
 .v4_bx         0x00009554        0x0 linker stubs

.iplt           0x00009554        0x0
 .iplt          0x00009554        0x0 boot.o
                0x00009558                        . = ALIGN (0x8)

.rodata         0x00009558       0x69
 *(.rodata)
 .rodata        0x00009558       0x63 main.o
 *fill*         0x000095bb        0x1 
 .rodata        0x000095bc        0x5 teclado.o

.rel.dyn        0x000095c4        0x0
 .rel.iplt      0x000095c4        0x0 boot.o
                0x000095c8                        . = ALIGN (0x8)
                0x000095c8                        data_begin = .

.data           0x000095c8       0x24
 *(.data)
 .data          0x000095c8        0x0 boot.o
 .data          0x000095c8        0x0 switch.o
 .data          0x000095c8        0x4 sched.o
                0x000095c8                head
 .data          0x000095cc        0x0 main.o
 .data          0x000095cc       0x20 teclado.o
                0x000095cc                out_pins
                0x000095dc                in_pins
 .data          0x000095ec        0x0 uart.o
 .data          0x000095ec        0x0 /usr/lib/arm-none-eabi/newlib/libc_nano.a(libc_a-memset.o)
 .data          0x000095ec        0x0 /usr/lib/arm-none-eabi/newlib/libc_nano.a(libc_a-memcpy-stub.o)

.igot.plt       0x000095ec        0x0
 .igot.plt      0x000095ec        0x0 boot.o
                0x000095f0                        . = ALIGN (0x8)
                0x000095f0                        bss_begin = .

.bss            0x000095f0    0x170b1
 *(.bss*)
 .bss           0x000095f0        0x0 boot.o
 .bss           0x000095f0        0x0 switch.o
 .bss           0x000095f0    0x1606c sched.o
                0x000095f0                ticks
                0x000095f4                tcb_list
                0x0001f5f4                idle_task
                0x0001f64c                tid
                0x0001f650                tcb
                0x0001f654                ll_size
                0x0001f658                last_tid
 .bss           0x0001f65c        0x0 main.o
 .bss           0x0001f65c     0x1045 teclado.o
                0x0001f65c                read_matrix
                0x0001f69c                last_output
                0x0001f6a0                output
                0x000206a0                uart_enabled
 .bss           0x000206a1        0x0 uart.o
 .bss           0x000206a1        0x0 /usr/lib/arm-none-eabi/newlib/libc_nano.a(libc_a-memset.o)
 .bss           0x000206a1        0x0 /usr/lib/arm-none-eabi/newlib/libc_nano.a(libc_a-memcpy-stub.o)
                0x000206a1                        bss_end = .

.heapstack      0x000206a1     0xc007
                0x000206a8                        . = ALIGN (0x8)
 *fill*         0x000206a1        0x7 
                0x000206a8                        heap_addr = .
                0x000286a8                        . = (. + 0x8000)
 *fill*         0x000206a8     0x8000 
                0x000286a8                        stack_sys = .
                0x000296a8                        . = (. + 0x1000)
 *fill*         0x000286a8     0x1000 
                0x000296a8                        stack_irq = .
                0x0002a6a8                        . = (. + 0x1000)
 *fill*         0x000296a8     0x1000 
                0x0002a6a8                        stack_user1 = .
                0x0002b6a8                        . = (. + 0x1000)
 *fill*         0x0002a6a8     0x1000 
                0x0002b6a8                        stack_user2 = .
                0x0002c6a8                        . = (. + 0x1000)
 *fill*         0x0002b6a8     0x1000 
                0x0002c6a8                        stack_user3 = .
LOAD boot.o
LOAD switch.o
LOAD sched.o
LOAD main.o
LOAD teclado.o
LOAD uart.o
LOAD /usr/lib/gcc/arm-none-eabi/13.2.1/libgcc.a
LOAD /usr/lib/arm-none-eabi/newlib/libc_nano.a
OUTPUT(tasks.elf elf32-littlearm)
LOAD linker stubs

.ARM.attributes
                0x00000000       0x30
 .ARM.attributes
                0x00000000       0x18 boot.o
 .ARM.attributes
                0x00000018       0x14 switch.o
 .ARM.attributes
                0x0000002c       0x2f sched.o
 .ARM.attributes
                0x0000005b       0x2f main.o
 .ARM.attributes
                0x0000008a       0x2f teclado.o
 .ARM.attributes
                0x000000b9       0x2f uart.o
 .ARM.attributes
                0x000000e8       0x2a /usr/lib/arm-none-eabi/newlib/libc_nano.a(libc_a-memset.o)
 .ARM.attributes
                0x00000112       0x2a /usr/lib/arm-none-eabi/newlib/libc_nano.a(libc_a-memcpy-stub.o)

.comment        0x00000000       0x26
 .comment       0x00000000       0x26 sched.o
                                 0x27 (size before relaxing)
 .comment       0x00000026       0x27 main.o
 .comment       0x00000026       0x27 teclado.o
 .comment       0x00000026       0x27 uart.o
 .comment       0x00000026       0x27 /usr/lib/arm-none-eabi/newlib/libc_nano.a(libc_a-memset.o)
 .comment       0x00000026       0x27 /usr/lib/arm-none-eabi/newlib/libc_nano.a(libc_a-memcpy-stub.o)

.debug_line     0x00000000      0xb06
 .debug_line    0x00000000       0x66 boot.o
 .debug_line    0x00000066       0x53 switch.o
 .debug_line    0x000000b9      0x27e sched.o
 .debug_line    0x00000337      0x132 main.o
 .debug_line    0x00000469      0x208 teclado.o
 .debug_line    0x00000671       0xef uart.o
 .debug_line    0x00000760      0x1b9 /usr/lib/arm-none-eabi/newlib/libc_nano.a(libc_a-memset.o)
 .debug_line    0x00000919      0x1ed /usr/lib/arm-none-eabi/newlib/libc_nano.a(libc_a-memcpy-stub.o)

.debug_info     0x00000000      0xe48
 .debug_info    0x00000000       0x26 boot.o
 .debug_info    0x00000026       0x26 switch.o
 .debug_info    0x0000004c      0x509 sched.o
 .debug_info    0x00000555      0x19e main.o
 .debug_info    0x000006f3      0x3d3 teclado.o
 .debug_info    0x00000ac6       0xfb uart.o
 .debug_info    0x00000bc1      0x135 /usr/lib/arm-none-eabi/newlib/libc_nano.a(libc_a-memset.o)
 .debug_info    0x00000cf6      0x152 /usr/lib/arm-none-eabi/newlib/libc_nano.a(libc_a-memcpy-stub.o)

.debug_abbrev   0x00000000      0x745
 .debug_abbrev  0x00000000       0x14 boot.o
 .debug_abbrev  0x00000014       0x14 switch.o
 .debug_abbrev  0x00000028      0x252 sched.o
 .debug_abbrev  0x0000027a       0xf2 main.o
 .debug_abbrev  0x0000036c      0x193 teclado.o
 .debug_abbrev  0x000004ff       0xc5 uart.o
 .debug_abbrev  0x000005c4       0xb7 /usr/lib/arm-none-eabi/newlib/libc_nano.a(libc_a-memset.o)
 .debug_abbrev  0x0000067b       0xca /usr/lib/arm-none-eabi/newlib/libc_nano.a(libc_a-memcpy-stub.o)

.debug_aranges  0x00000000      0x100
 .debug_aranges
                0x00000000       0x20 boot.o
 .debug_aranges
                0x00000020       0x20 switch.o
 .debug_aranges
                0x00000040       0x20 sched.o
 .debug_aranges
                0x00000060       0x20 main.o
 .debug_aranges
                0x00000080       0x20 teclado.o
 .debug_aranges
                0x000000a0       0x20 uart.o
 .debug_aranges
                0x000000c0       0x20 /usr/lib/arm-none-eabi/newlib/libc_nano.a(libc_a-memset.o)
 .debug_aranges
                0x000000e0       0x20 /usr/lib/arm-none-eabi/newlib/libc_nano.a(libc_a-memcpy-stub.o)

.debug_str      0x00000000      0x5fd
 .debug_str     0x00000000      0x5fd boot.o
                                 0x45 (size before relaxing)
 .debug_str     0x000005fd       0x47 switch.o
 .debug_str     0x000005fd      0x366 sched.o
 .debug_str     0x000005fd      0x1a1 main.o
 .debug_str     0x000005fd      0x26a teclado.o
 .debug_str     0x000005fd      0x144 uart.o
 .debug_str     0x000005fd      0x187 /usr/lib/arm-none-eabi/newlib/libc_nano.a(libc_a-memset.o)
 .debug_str     0x000005fd      0x1a4 /usr/lib/arm-none-eabi/newlib/libc_nano.a(libc_a-memcpy-stub.o)

.debug_frame    0x00000000      0x39c
 .debug_frame   0x00000000      0x148 sched.o
 .debug_frame   0x00000148       0x88 main.o
 .debug_frame   0x000001d0       0xcc teclado.o
 .debug_frame   0x0000029c       0x90 uart.o
 .debug_frame   0x0000032c       0x34 /usr/lib/arm-none-eabi/newlib/libc_nano.a(libc_a-memset.o)
 .debug_frame   0x00000360       0x3c /usr/lib/arm-none-eabi/newlib/libc_nano.a(libc_a-memcpy-stub.o)

.debug_loclists
                0x00000000      0x32f
 .debug_loclists
                0x00000000      0x1c9 /usr/lib/arm-none-eabi/newlib/libc_nano.a(libc_a-memset.o)
 .debug_loclists
                0x000001c9      0x166 /usr/lib/arm-none-eabi/newlib/libc_nano.a(libc_a-memcpy-stub.o)
