Archive member included to satisfy reference by file (symbol)

/usr/lib/arm-none-eabi/newlib/libc_nano.a(libc_a-memset.o)
                              sched.o (memset)
/usr/lib/arm-none-eabi/newlib/libc_nano.a(libc_a-memcpy-stub.o)
                              sched.o (memcpy)

There are no discarded input sections

Memory Configuration

Name             Origin             Length             Attributes
*default*        0x00000000         0xffffffff

Linker script and memory map


.boot           0x00008000       0xdc
 *(.boot)
 .boot          0x00008000       0xdc boot.o
                0x00008000                start
                0x000080e0                        . = ALIGN (0x8)

.text           0x000080e0      0xda4
 *(.text)
 .text          0x000080e0        0x0 boot.o
 .text          0x000080e0       0xc4 switch.o
                0x000080e0                delay
                0x000080ec                enable_irq
                0x00008114                panic
                0x0000811c                swi
                0x00008150                irq
                0x00008180                task_switch
 .text          0x000081a4      0x9b8 sched.o
                0x000081a4                yield
                0x000081b8                getpid
                0x000081d0                getticks
                0x000081e8                pcs_exit
                0x000081fc                sleep
                0x00008214                check_task_block
                0x000082a0                find_next_head
                0x00008398                terminate_current_task
                0x000083c4                schedule
                0x00008498                trata_swi
                0x00008594                trata_irq
                0x00008608                sched_init
                0x00008954                insert_tcb
 .text          0x00008b5c      0x118 main.o
                0x00008b5c                system_main
                0x00008b74                user1_main
                0x00008bb8                user2_main
                0x00008bfc                user3_main
 .text          0x00008c74       0xfc /usr/lib/arm-none-eabi/newlib/libc_nano.a(libc_a-memset.o)
                0x00008c74                memset
 .text          0x00008d70      0x114 /usr/lib/arm-none-eabi/newlib/libc_nano.a(libc_a-memcpy-stub.o)
                0x00008d70                memcpy

.glue_7         0x00008e84        0x0
 .glue_7        0x00008e84        0x0 linker stubs

.glue_7t        0x00008e84        0x0
 .glue_7t       0x00008e84        0x0 linker stubs

.vfp11_veneer   0x00008e84        0x0
 .vfp11_veneer  0x00008e84        0x0 linker stubs

.v4_bx          0x00008e84        0x0
 .v4_bx         0x00008e84        0x0 linker stubs

.iplt           0x00008e84        0x0
 .iplt          0x00008e84        0x0 boot.o

.rel.dyn        0x00008e84        0x0
 .rel.iplt      0x00008e84        0x0 boot.o
                0x00008e88                        . = ALIGN (0x8)

.rodata
 *(.rodata)
                0x00008e88                        . = ALIGN (0x8)
                0x00008e88                        data_begin = .

.data           0x00008e88        0x4
 *(.data)
 .data          0x00008e88        0x0 boot.o
 .data          0x00008e88        0x0 switch.o
 .data          0x00008e88        0x4 sched.o
                0x00008e88                head
 .data          0x00008e8c        0x0 main.o
 .data          0x00008e8c        0x0 /usr/lib/arm-none-eabi/newlib/libc_nano.a(libc_a-memset.o)
 .data          0x00008e8c        0x0 /usr/lib/arm-none-eabi/newlib/libc_nano.a(libc_a-memcpy-stub.o)

.igot.plt       0x00008e8c        0x0
 .igot.plt      0x00008e8c        0x0 boot.o
                0x00008e90                        . = ALIGN (0x8)
                0x00008e90                        bss_begin = .

.bss            0x00008e90    0x17070
 *(.bss*)
 .bss           0x00008e90        0x0 boot.o
 .bss           0x00008e90        0x0 switch.o
 .bss           0x00008e90    0x17070 sched.o
                0x00008e90                ticks
                0x00008e94                tcb_list
                0x0001fe94                idle_task
                0x0001fef0                tid
                0x0001fef4                tcb
                0x0001fef8                ll_size
                0x0001fefc                last_tid
 .bss           0x0001ff00        0x0 main.o
 .bss           0x0001ff00        0x0 /usr/lib/arm-none-eabi/newlib/libc_nano.a(libc_a-memset.o)
 .bss           0x0001ff00        0x0 /usr/lib/arm-none-eabi/newlib/libc_nano.a(libc_a-memcpy-stub.o)
                0x0001ff00                        bss_end = .

.heapstack      0x0001ff00     0xc000
                0x0001ff00                        . = ALIGN (0x8)
                0x0001ff00                        heap_addr = .
                0x00027f00                        . = (. + 0x8000)
 *fill*         0x0001ff00     0x8000 
                0x00027f00                        stack_sys = .
                0x00028f00                        . = (. + 0x1000)
 *fill*         0x00027f00     0x1000 
                0x00028f00                        stack_irq = .
                0x00029f00                        . = (. + 0x1000)
 *fill*         0x00028f00     0x1000 
                0x00029f00                        stack_user1 = .
                0x0002af00                        . = (. + 0x1000)
 *fill*         0x00029f00     0x1000 
                0x0002af00                        stack_user2 = .
                0x0002bf00                        . = (. + 0x1000)
 *fill*         0x0002af00     0x1000 
                0x0002bf00                        stack_user3 = .
LOAD boot.o
LOAD switch.o
LOAD sched.o
LOAD main.o
LOAD /usr/lib/gcc/arm-none-eabi/13.2.1/libgcc.a
LOAD /usr/lib/arm-none-eabi/newlib/libc_nano.a
OUTPUT(tasks.elf elf32-littlearm)
LOAD linker stubs

.ARM.attributes
                0x00000000       0x30
 .ARM.attributes
                0x00000000       0x18 boot.o
 .ARM.attributes
                0x00000018       0x14 switch.o
 .ARM.attributes
                0x0000002c       0x2f sched.o
 .ARM.attributes
                0x0000005b       0x2f main.o
 .ARM.attributes
                0x0000008a       0x2a /usr/lib/arm-none-eabi/newlib/libc_nano.a(libc_a-memset.o)
 .ARM.attributes
                0x000000b4       0x2a /usr/lib/arm-none-eabi/newlib/libc_nano.a(libc_a-memcpy-stub.o)

.comment        0x00000000       0x26
 .comment       0x00000000       0x26 sched.o
                                 0x27 (size before relaxing)
 .comment       0x00000026       0x27 main.o
 .comment       0x00000026       0x27 /usr/lib/arm-none-eabi/newlib/libc_nano.a(libc_a-memset.o)
 .comment       0x00000026       0x27 /usr/lib/arm-none-eabi/newlib/libc_nano.a(libc_a-memcpy-stub.o)

.debug_line     0x00000000      0x7fc
 .debug_line    0x00000000       0x66 boot.o
 .debug_line    0x00000066       0x53 switch.o
 .debug_line    0x000000b9      0x2d5 sched.o
 .debug_line    0x0000038e       0xc8 main.o
 .debug_line    0x00000456      0x1b9 /usr/lib/arm-none-eabi/newlib/libc_nano.a(libc_a-memset.o)
 .debug_line    0x0000060f      0x1ed /usr/lib/arm-none-eabi/newlib/libc_nano.a(libc_a-memcpy-stub.o)

.debug_info     0x00000000      0xa07
 .debug_info    0x00000000       0x26 boot.o
 .debug_info    0x00000026       0x26 switch.o
 .debug_info    0x0000004c      0x61e sched.o
 .debug_info    0x0000066a      0x116 main.o
 .debug_info    0x00000780      0x135 /usr/lib/arm-none-eabi/newlib/libc_nano.a(libc_a-memset.o)
 .debug_info    0x000008b5      0x152 /usr/lib/arm-none-eabi/newlib/libc_nano.a(libc_a-memcpy-stub.o)

.debug_abbrev   0x00000000      0x4e0
 .debug_abbrev  0x00000000       0x14 boot.o
 .debug_abbrev  0x00000014       0x14 switch.o
 .debug_abbrev  0x00000028      0x28b sched.o
 .debug_abbrev  0x000002b3       0xac main.o
 .debug_abbrev  0x0000035f       0xb7 /usr/lib/arm-none-eabi/newlib/libc_nano.a(libc_a-memset.o)
 .debug_abbrev  0x00000416       0xca /usr/lib/arm-none-eabi/newlib/libc_nano.a(libc_a-memcpy-stub.o)

.debug_aranges  0x00000000       0xc0
 .debug_aranges
                0x00000000       0x20 boot.o
 .debug_aranges
                0x00000020       0x20 switch.o
 .debug_aranges
                0x00000040       0x20 sched.o
 .debug_aranges
                0x00000060       0x20 main.o
 .debug_aranges
                0x00000080       0x20 /usr/lib/arm-none-eabi/newlib/libc_nano.a(libc_a-memset.o)
 .debug_aranges
                0x000000a0       0x20 /usr/lib/arm-none-eabi/newlib/libc_nano.a(libc_a-memcpy-stub.o)

.debug_str      0x00000000      0x51c
 .debug_str     0x00000000      0x51c boot.o
                                 0x3b (size before relaxing)
 .debug_str     0x0000051c       0x3d switch.o
 .debug_str     0x0000051c      0x3fe sched.o
 .debug_str     0x0000051c      0x14c main.o
 .debug_str     0x0000051c      0x187 /usr/lib/arm-none-eabi/newlib/libc_nano.a(libc_a-memset.o)
 .debug_str     0x0000051c      0x1a4 /usr/lib/arm-none-eabi/newlib/libc_nano.a(libc_a-memcpy-stub.o)

.debug_frame    0x00000000      0x25c
 .debug_frame   0x00000000      0x168 sched.o
 .debug_frame   0x00000168       0x84 main.o
 .debug_frame   0x000001ec       0x34 /usr/lib/arm-none-eabi/newlib/libc_nano.a(libc_a-memset.o)
 .debug_frame   0x00000220       0x3c /usr/lib/arm-none-eabi/newlib/libc_nano.a(libc_a-memcpy-stub.o)

.debug_loclists
                0x00000000      0x32f
 .debug_loclists
                0x00000000      0x1c9 /usr/lib/arm-none-eabi/newlib/libc_nano.a(libc_a-memset.o)
 .debug_loclists
                0x000001c9      0x166 /usr/lib/arm-none-eabi/newlib/libc_nano.a(libc_a-memcpy-stub.o)
