Archive member included to satisfy reference by file (symbol)

/usr/lib/arm-none-eabi/newlib/libc_nano.a(libc_a-memset.o)
                              sched.o (memset)
/usr/lib/arm-none-eabi/newlib/libc_nano.a(libc_a-memcpy-stub.o)
                              sched.o (memcpy)

There are no discarded input sections

Memory Configuration

Name             Origin             Length             Attributes
*default*        0x00000000         0xffffffff

Linker script and memory map


.boot           0x00008000       0xdc
 *(.boot)
 .boot          0x00008000       0xdc boot.o
                0x00008000                start
                0x000080e0                        . = ALIGN (0x8)

.text           0x000080e0     0x10b0
 *(.text)
 .text          0x000080e0        0x0 boot.o
 .text          0x000080e0       0xc4 switch.o
                0x000080e0                delay
                0x000080ec                enable_irq
                0x00008114                panic
                0x0000811c                swi
                0x00008150                irq
                0x00008180                task_switch
 .text          0x000081a4      0x7f4 sched.o
                0x000081a4                yield
                0x000081b8                getpid
                0x000081d0                getticks
                0x000081e8                pcs_exit
                0x000081fc                sleep
                0x00008214                find_next_head
                0x00008330                terminate_current_task
                0x0000835c                schedule
                0x00008430                trata_swi
                0x00008514                trata_irq
                0x00008588                sched_init
                0x000087a8                insert_tcb
 .text          0x00008998      0x5e8 main.o
                0x00008998                setup_io
                0x00008ab4                read_io
                0x00008b58                write_io
                0x00008c14                init_keyboard
                0x00008cdc                read_keyboard
                0x00008e94                system_main
                0x00008eb0                user1_main
                0x00008ec4                user2_main
                0x00008f08                user3_main
 .text          0x00008f80       0xfc /usr/lib/arm-none-eabi/newlib/libc_nano.a(libc_a-memset.o)
                0x00008f80                memset
 .text          0x0000907c      0x114 /usr/lib/arm-none-eabi/newlib/libc_nano.a(libc_a-memcpy-stub.o)
                0x0000907c                memcpy

.glue_7         0x00009190        0x0
 .glue_7        0x00009190        0x0 linker stubs

.glue_7t        0x00009190        0x0
 .glue_7t       0x00009190        0x0 linker stubs

.vfp11_veneer   0x00009190        0x0
 .vfp11_veneer  0x00009190        0x0 linker stubs

.v4_bx          0x00009190        0x0
 .v4_bx         0x00009190        0x0 linker stubs

.iplt           0x00009190        0x0
 .iplt          0x00009190        0x0 boot.o

.rel.dyn        0x00009190        0x0
 .rel.iplt      0x00009190        0x0 boot.o
                0x00009190                        . = ALIGN (0x8)

.rodata
 *(.rodata)
                0x00009190                        . = ALIGN (0x8)
                0x00009190                        data_begin = .

.data           0x00009190       0x24
 *(.data)
 .data          0x00009190        0x0 boot.o
 .data          0x00009190        0x0 switch.o
 .data          0x00009190        0x4 sched.o
                0x00009190                head
 .data          0x00009194       0x20 main.o
                0x00009194                out_pins
                0x000091a4                in_pins
 .data          0x000091b4        0x0 /usr/lib/arm-none-eabi/newlib/libc_nano.a(libc_a-memset.o)
 .data          0x000091b4        0x0 /usr/lib/arm-none-eabi/newlib/libc_nano.a(libc_a-memcpy-stub.o)

.igot.plt       0x000091b4        0x0
 .igot.plt      0x000091b4        0x0 boot.o
                0x000091b8                        . = ALIGN (0x8)
                0x000091b8                        bss_begin = .

.bss            0x000091b8    0x170b0
 *(.bss*)
 .bss           0x000091b8        0x0 boot.o
 .bss           0x000091b8        0x0 switch.o
 .bss           0x000091b8    0x1606c sched.o
                0x000091b8                ticks
                0x000091bc                tcb_list
                0x0001f1bc                idle_task
                0x0001f214                tid
                0x0001f218                tcb
                0x0001f21c                ll_size
                0x0001f220                last_tid
 .bss           0x0001f224     0x1044 main.o
                0x0001f224                read_matrix
                0x0001f264                last_output
                0x0001f268                output
 .bss           0x00020268        0x0 /usr/lib/arm-none-eabi/newlib/libc_nano.a(libc_a-memset.o)
 .bss           0x00020268        0x0 /usr/lib/arm-none-eabi/newlib/libc_nano.a(libc_a-memcpy-stub.o)
                0x00020268                        bss_end = .

.heapstack      0x00020268     0xc000
                0x00020268                        . = ALIGN (0x8)
                0x00020268                        heap_addr = .
                0x00028268                        . = (. + 0x8000)
 *fill*         0x00020268     0x8000 
                0x00028268                        stack_sys = .
                0x00029268                        . = (. + 0x1000)
 *fill*         0x00028268     0x1000 
                0x00029268                        stack_irq = .
                0x0002a268                        . = (. + 0x1000)
 *fill*         0x00029268     0x1000 
                0x0002a268                        stack_user1 = .
                0x0002b268                        . = (. + 0x1000)
 *fill*         0x0002a268     0x1000 
                0x0002b268                        stack_user2 = .
                0x0002c268                        . = (. + 0x1000)
 *fill*         0x0002b268     0x1000 
                0x0002c268                        stack_user3 = .
LOAD boot.o
LOAD switch.o
LOAD sched.o
LOAD main.o
LOAD /usr/lib/gcc/arm-none-eabi/13.2.1/libgcc.a
LOAD /usr/lib/arm-none-eabi/newlib/libc_nano.a
OUTPUT(tasks.elf elf32-littlearm)
LOAD linker stubs

.ARM.attributes
                0x00000000       0x30
 .ARM.attributes
                0x00000000       0x18 boot.o
 .ARM.attributes
                0x00000018       0x14 switch.o
 .ARM.attributes
                0x0000002c       0x2f sched.o
 .ARM.attributes
                0x0000005b       0x2f main.o
 .ARM.attributes
                0x0000008a       0x2a /usr/lib/arm-none-eabi/newlib/libc_nano.a(libc_a-memset.o)
 .ARM.attributes
                0x000000b4       0x2a /usr/lib/arm-none-eabi/newlib/libc_nano.a(libc_a-memcpy-stub.o)

.comment        0x00000000       0x26
 .comment       0x00000000       0x26 sched.o
                                 0x27 (size before relaxing)
 .comment       0x00000026       0x27 main.o
 .comment       0x00000026       0x27 /usr/lib/arm-none-eabi/newlib/libc_nano.a(libc_a-memset.o)
 .comment       0x00000026       0x27 /usr/lib/arm-none-eabi/newlib/libc_nano.a(libc_a-memcpy-stub.o)

.debug_line     0x00000000      0x8fc
 .debug_line    0x00000000       0x66 boot.o
 .debug_line    0x00000066       0x53 switch.o
 .debug_line    0x000000b9      0x27e sched.o
 .debug_line    0x00000337      0x21f main.o
 .debug_line    0x00000556      0x1b9 /usr/lib/arm-none-eabi/newlib/libc_nano.a(libc_a-memset.o)
 .debug_line    0x0000070f      0x1ed /usr/lib/arm-none-eabi/newlib/libc_nano.a(libc_a-memcpy-stub.o)

.debug_info     0x00000000      0xbab
 .debug_info    0x00000000       0x26 boot.o
 .debug_info    0x00000026       0x26 switch.o
 .debug_info    0x0000004c      0x509 sched.o
 .debug_info    0x00000555      0x3cf main.o
 .debug_info    0x00000924      0x135 /usr/lib/arm-none-eabi/newlib/libc_nano.a(libc_a-memset.o)
 .debug_info    0x00000a59      0x152 /usr/lib/arm-none-eabi/newlib/libc_nano.a(libc_a-memcpy-stub.o)

.debug_abbrev   0x00000000      0x5b1
 .debug_abbrev  0x00000000       0x14 boot.o
 .debug_abbrev  0x00000014       0x14 switch.o
 .debug_abbrev  0x00000028      0x252 sched.o
 .debug_abbrev  0x0000027a      0x1b6 main.o
 .debug_abbrev  0x00000430       0xb7 /usr/lib/arm-none-eabi/newlib/libc_nano.a(libc_a-memset.o)
 .debug_abbrev  0x000004e7       0xca /usr/lib/arm-none-eabi/newlib/libc_nano.a(libc_a-memcpy-stub.o)

.debug_aranges  0x00000000       0xc0
 .debug_aranges
                0x00000000       0x20 boot.o
 .debug_aranges
                0x00000020       0x20 switch.o
 .debug_aranges
                0x00000040       0x20 sched.o
 .debug_aranges
                0x00000060       0x20 main.o
 .debug_aranges
                0x00000080       0x20 /usr/lib/arm-none-eabi/newlib/libc_nano.a(libc_a-memset.o)
 .debug_aranges
                0x000000a0       0x20 /usr/lib/arm-none-eabi/newlib/libc_nano.a(libc_a-memcpy-stub.o)

.debug_str      0x00000000      0x588
 .debug_str     0x00000000      0x588 boot.o
                                 0x45 (size before relaxing)
 .debug_str     0x00000588       0x47 switch.o
 .debug_str     0x00000588      0x366 sched.o
 .debug_str     0x00000588      0x24e main.o
 .debug_str     0x00000588      0x187 /usr/lib/arm-none-eabi/newlib/libc_nano.a(libc_a-memset.o)
 .debug_str     0x00000588      0x1a4 /usr/lib/arm-none-eabi/newlib/libc_nano.a(libc_a-memcpy-stub.o)

.debug_frame    0x00000000      0x2d8
 .debug_frame   0x00000000      0x148 sched.o
 .debug_frame   0x00000148      0x120 main.o
 .debug_frame   0x00000268       0x34 /usr/lib/arm-none-eabi/newlib/libc_nano.a(libc_a-memset.o)
 .debug_frame   0x0000029c       0x3c /usr/lib/arm-none-eabi/newlib/libc_nano.a(libc_a-memcpy-stub.o)

.debug_loclists
                0x00000000      0x32f
 .debug_loclists
                0x00000000      0x1c9 /usr/lib/arm-none-eabi/newlib/libc_nano.a(libc_a-memset.o)
 .debug_loclists
                0x000001c9      0x166 /usr/lib/arm-none-eabi/newlib/libc_nano.a(libc_a-memcpy-stub.o)
