
There are no discarded input sections

Memory Configuration

Name             Origin             Length             Attributes
*default*        0x00000000         0xffffffff

Linker script and memory map

                0x00008000                        . = 0x8000

.text           0x00008000      0x8c4
 *(.text)
 .text          0x00008000       0x14 boot.o
                0x00008000                _start
 .text          0x00008014       0x1c main.o
                0x00008014                main
 .text          0x00008030      0x73c teclado.o
                0x00008030                setup_io
                0x0000814c                read_io
                0x000081f0                write_io
                0x000082ac                init_keyboard
                0x000083a4                keyboard_position_conversion
                0x0000846c                read_keyboard
 .text          0x0000876c      0x158 uart.o
                0x0000876c                uart_init
                0x000087e4                uart_send
                0x00008834                uart_get
                0x00008878                uart_puts

.glue_7         0x000088c4        0x0
 .glue_7        0x000088c4        0x0 linker stubs

.glue_7t        0x000088c4        0x0
 .glue_7t       0x000088c4        0x0 linker stubs

.vfp11_veneer   0x000088c4        0x0
 .vfp11_veneer  0x000088c4        0x0 linker stubs

.v4_bx          0x000088c4        0x0
 .v4_bx         0x000088c4        0x0 linker stubs

.iplt           0x000088c4        0x0
 .iplt          0x000088c4        0x0 boot.o

.rel.dyn        0x000088c4        0x0
 .rel.iplt      0x000088c4        0x0 boot.o

.rodata
 *(.rodata*)

.data           0x000088c4       0x20
 *(.data*)
 .data          0x000088c4        0x0 boot.o
 .data          0x000088c4        0x0 main.o
 .data          0x000088c4       0x20 teclado.o
                0x000088c4                out_pins
                0x000088d4                in_pins
 .data          0x000088e4        0x0 uart.o

.igot.plt       0x000088e4        0x0
 .igot.plt      0x000088e4        0x0 boot.o

.bss            0x000088e4     0x105c
 *(.bss*)
 .bss           0x000088e4        0x0 boot.o
 .bss           0x000088e4        0x0 main.o
 .bss           0x000088e4     0x1055 teclado.o
                0x000088e4                read_matrix
                0x00008924                last_output
                0x00008928                already_read_matrix
                0x00008938                output
                0x00009938                uart_enabled
 .bss           0x00009939        0x0 uart.o
 *(COMMON)
                0x00009940                        . = ALIGN (0x8)
 *fill*         0x00009939        0x7 
                0x0000a940                        . = (. + 0x1000)
                0x0000a940                        stack_top = .
LOAD boot.o
LOAD main.o
LOAD teclado.o
LOAD uart.o
LOAD /usr/lib/gcc/arm-none-eabi/13.2.1/libgcc.a
LOAD /usr/lib/arm-none-eabi/newlib/libc_nano.a
OUTPUT(teclado.elf elf32-littlearm)
LOAD linker stubs

.ARM.attributes
                0x00000000       0x2b
 .ARM.attributes
                0x00000000       0x14 boot.o
 .ARM.attributes
                0x00000014       0x2f main.o
 .ARM.attributes
                0x00000043       0x2f teclado.o
 .ARM.attributes
                0x00000072       0x2f uart.o

.comment        0x00000000       0x26
 .comment       0x00000000       0x26 main.o
                                 0x27 (size before relaxing)
 .comment       0x00000026       0x27 teclado.o
 .comment       0x00000026       0x27 uart.o

.debug_line     0x00000000      0x3aa
 .debug_line    0x00000000       0x35 boot.o
 .debug_line    0x00000035       0x4a main.o
 .debug_line    0x0000007f      0x23c teclado.o
 .debug_line    0x000002bb       0xef uart.o

.debug_info     0x00000000      0x55c
 .debug_info    0x00000000       0x26 boot.o
 .debug_info    0x00000026       0x5a main.o
 .debug_info    0x00000080      0x3e1 teclado.o
 .debug_info    0x00000461       0xfb uart.o

.debug_abbrev   0x00000000      0x2c1
 .debug_abbrev  0x00000000       0x14 boot.o
 .debug_abbrev  0x00000014       0x67 main.o
 .debug_abbrev  0x0000007b      0x181 teclado.o
 .debug_abbrev  0x000001fc       0xc5 uart.o

.debug_aranges  0x00000000       0x80
 .debug_aranges
                0x00000000       0x20 boot.o
 .debug_aranges
                0x00000020       0x20 main.o
 .debug_aranges
                0x00000040       0x20 teclado.o
 .debug_aranges
                0x00000060       0x20 uart.o

.debug_str      0x00000000      0x25d
 .debug_str     0x00000000      0x25d boot.o
                                 0x46 (size before relaxing)
 .debug_str     0x0000025d       0xb3 main.o
 .debug_str     0x0000025d      0x275 teclado.o
 .debug_str     0x0000025d      0x145 uart.o

.debug_frame    0x00000000      0x188
 .debug_frame   0x00000000       0x2c main.o
 .debug_frame   0x0000002c       0xcc teclado.o
 .debug_frame   0x000000f8       0x90 uart.o
